// Vitest Snapshot v1, https://vitest.dev/guide/snapshot.html

exports[`CLI > CLI test 1`] = `
"[32muse configFile path: ./test/cli/mock.config.cli.ts[39m
[32mClean mock dir: test/all-gen-dirs/gen-mock-cli/mock[39m
[32mClean schema-api dir: test/all-gen-dirs/gen-mock-cli/mock/schema-api[39m
[32mGenerate schema-api/ts-schema.ts success[39m
[32mGenerate schema-api/schema.json success[39m
[32mGenerate schema-api/request.ts file success[39m
[32mGenerate schema-api/interface-api.ts file success[39m
[32mGenerate schema-api/request-api.ts file success[39m
[32mGenerate mock/mock-data.json success[39m
[32mGenerate mock/custom-data/index.ts file success[39m
[32mGenerate mock/custom-data/template-data.ts file success[39m
[32mGenerate mock/interface-mock-data.ts file success[39m"
`;
